
Query Failed: You have an error in your SQL syntax; check the manual that corresponds to your MySQL server version for the right syntax to use near 'write,read,approved from permission where userid = '1' at line 1 SQL:select userid,write,read,approved from permission where userid = '1

Query Failed: You have an error in your SQL syntax; check the manual that corresponds to your MySQL server version for the right syntax to use near 'write,read,approved from permission where userid = '1' at line 1 SQL:select userid,write,read,approved from permission where userid = '1

Query Failed: You have an error in your SQL syntax; check the manual that corresponds to your MySQL server version for the right syntax to use near 'write,read,approved from permission where userid = '1' at line 1 SQL:select userid,write,read,approved from permission where userid = '1

MODULE Failed: 10

MODULE Failed: 10

MODULE Failed: 10

MODULE Failed: 10

MODULE Failed: 10

MODULE Failed: 10

Query Failed: You have an error in your SQL syntax; check the manual that corresponds to your MySQL server version for the right syntax to use near 'write,read,approved from permission where userid = '1' at line 1 SQL:select userid,write,read,approved from permission where userid = '1

MODULE Failed: 5

Query Failed: You have an error in your SQL syntax; check the manual that corresponds to your MySQL server version for the right syntax to use near 'write,read,approved from permission where userid = '1' at line 1 SQL:select userid,write,read,approved from permission where userid = '1

Query Failed: You have an error in your SQL syntax; check the manual that corresponds to your MySQL server version for the right syntax to use near 'write,read,approved from permission where userid = '1' at line 1 SQL:select userid,write,read,approved from permission where userid = '1

Query Failed: You have an error in your SQL syntax; check the manual that corresponds to your MySQL server version for the right syntax to use near 'write,read,approved from permission where userid = '1' at line 1 SQL:select userid,write,read,approved from permission where userid = '1

Query Failed: You have an error in your SQL syntax; check the manual that corresponds to your MySQL server version for the right syntax to use near 'write,read,approved from permission where userid = '1' at line 1 SQL:select userid,write,read,approved from permission where userid = '1

Query Failed: You have an error in your SQL syntax; check the manual that corresponds to your MySQL server version for the right syntax to use near 'write,read,approved from permission where userid = '1' at line 1 SQL:select userid,write,read,approved from permission where userid = '1

Query Failed: You have an error in your SQL syntax; check the manual that corresponds to your MySQL server version for the right syntax to use near 'write,read,approved from permission where userid = '1' at line 1 SQL:select userid,write,read,approved from permission where userid = '1

Query Failed: You have an error in your SQL syntax; check the manual that corresponds to your MySQL server version for the right syntax to use near 'write,read,approved from permission where userid = '1' at line 1 SQL:select userid,write,read,approved from permission where userid = '1

Query Failed: You have an error in your SQL syntax; check the manual that corresponds to your MySQL server version for the right syntax to use near 'write,read,approved from permission where userid = '1' at line 1 SQL:select userid,write,read,approved from permission where userid = '1

Query Failed: You have an error in your SQL syntax; check the manual that corresponds to your MySQL server version for the right syntax to use near 'write,read,approved from permission where userid = '1' at line 1 SQL:select userid,write,read,approved from permission where userid = '1

Query Failed: You have an error in your SQL syntax; check the manual that corresponds to your MySQL server version for the right syntax to use near 'write,read,approved from permission where userid = '1' at line 1 SQL:select userid,write,read,approved from permission where userid = '1

Query Failed: You have an error in your SQL syntax; check the manual that corresponds to your MySQL server version for the right syntax to use near 'write,read,approved from permission where userid = '1' at line 1 SQL:select userid,write,read,approved from permission where userid = '1

Query Failed: You have an error in your SQL syntax; check the manual that corresponds to your MySQL server version for the right syntax to use near 'write,read,approved from permission where userid = '1' at line 1 SQL:select userid,write,read,approved from permission where userid = '1

Query Failed: You have an error in your SQL syntax; check the manual that corresponds to your MySQL server version for the right syntax to use near 'write,read,approved from permission where userid = '1' at line 1 SQL:select userid,write,read,approved from permission where userid = '1

Query Failed: You have an error in your SQL syntax; check the manual that corresponds to your MySQL server version for the right syntax to use near 'write,read,approved from permission where userid = '1' at line 1 SQL:select userid,write,read,approved from permission where userid = '1

Query Failed: You have an error in your SQL syntax; check the manual that corresponds to your MySQL server version for the right syntax to use near 'write,read,approved from permission where userid = '1' at line 1 SQL:select userid,write,read,approved from permission where userid = '1

<<<<<<< HEAD
Query Failed: You have an error in your SQL syntax; check the manual that corresponds to your MySQL server version for the right syntax to use near 'write,read,approved from permission where userid = '1' at line 1 SQL:select userid,write,read,approved from permission where userid = '1

Query Failed: You have an error in your SQL syntax; check the manual that corresponds to your MySQL server version for the right syntax to use near 'write,read,approved from permission where userid = '1' at line 1 SQL:select userid,write,read,approved from permission where userid = '1

Query Failed: You have an error in your SQL syntax; check the manual that corresponds to your MySQL server version for the right syntax to use near 'write,read,approved from permission where userid = '1' at line 1 SQL:select userid,write,read,approved from permission where userid = '1

Query Failed: You have an error in your SQL syntax; check the manual that corresponds to your MySQL server version for the right syntax to use near 'write,read,approved from permission where userid = '1' at line 1 SQL:select userid,write,read,approved from permission where userid = '1

Query Failed: You have an error in your SQL syntax; check the manual that corresponds to your MySQL server version for the right syntax to use near 'write,read,approved from permission where userid = '1' at line 1 SQL:select userid,write,read,approved from permission where userid = '1

=======
>>>>>>> origin/master
